Microchip MPLAB XC8 Compiler V1.45 ()

Linker command line:

-W-3 --edf=C:\Program Files (x86)\Microchip\xc8\v1.45\dat\en_msgs.txt -cs \
  -h+dist/default/debug\gcirc3.X.debug.sym \
  --cmf=dist/default/debug\gcirc3.X.debug.cmf -z -Q16F15356 \
  -oC:\Users\nicolas\AppData\Local\Temp\s7fs.2 \
  -Mdist/default/debug/gcirc3.X.debug.map -E1 -ver=XC8 \
  -ASTACK=0206Eh-027efh -pstack=STACK -ACODE=00h-07FFhx8 \
  -ASTRCODE=00h-03FFFh -ASTRING=00h-0FFhx64 -ACONST=00h-0FFhx64 \
  -AENTRY=00h-0FFhx64 -ACOMMON=070h-07Fh -ABANK0=020h-06Fh \
  -ABANK1=0A0h-0EFh -ABANK2=0120h-016Fh -ABANK3=01A0h-01EFh \
  -ABANK4=0220h-026Fh -ABANK5=02A0h-02EFh -ABANK6=0320h-036Fh \
  -ABANK7=03A0h-03EFh -ABANK8=0420h-046Fh -ABANK9=04A0h-04EFh \
  -ABANK10=0520h-056Fh -ABANK11=05A0h-05EFh -ABANK12=0620h-066Fh \
  -ABANK13=06A0h-06EFh -ABANK14=0720h-076Fh -ABANK15=07A0h-07EFh \
  -ABANK16=0820h-086Fh -ABANK17=08A0h-08EFh -ABANK18=0920h-096Fh \
  -ABANK19=09A0h-09EFh -ABANK20=0A20h-0A6Fh -ABANK21=0AA0h-0AEFh \
  -ABANK22=0B20h-0B6Fh -ABANK23=0BA0h-0BEFh -ABANK24=0C20h-0C6Fh \
  -ABANK25=0CA0h-0CBFh -ABIGRAM=02000h-027EFh \
  -ARAM=020h-06Fh,0A0h-0EFh,0120h-016Fh,01A0h-01EFh,0220h-026Fh,02A0h-02EFh,0320h-036Fh,03A0h-03EFh,0420h-046Fh,04A0h-04EFh,0520h-056Fh,05A0h-05EFh,0620h-066Fh,06A0h-06EFh,0720h-076Fh,07A0h-07EFh,0820h-086Fh,08A0h-08EFh,0920h-096Fh,09A0h-09EFh,0A20h-0A6Fh,0AA0h-0AEFh,0B20h-0B6Fh,0BA0h-0BEFh,0C20h-0C6Fh,0CA0h-0CBFh \
  -AABS1=020h-07Fh,0A0h-0EFh,0120h-016Fh,01A0h-01EFh,0220h-026Fh,02A0h-02EFh,0320h-036Fh,03A0h-03EFh,0420h-046Fh,04A0h-04EFh,0520h-056Fh,05A0h-05EFh,0620h-066Fh,06A0h-06EFh,0720h-076Fh,07A0h-07EFh,0820h-086Fh,08A0h-08EFh,0920h-096Fh,09A0h-09EFh,0A20h-0A6Fh,0AA0h-0AEFh,0B20h-0B6Fh,0BA0h-0BEFh,0C20h-0C6Fh,0CA0h-0CBFh \
  -ASFR0=00h-01Fh -ASFR1=080h-09Fh -ASFR2=0100h-011Fh -ASFR3=0180h-019Fh \
  -ASFR4=0200h-021Fh -ASFR5=0280h-029Fh -ASFR6=0300h-031Fh \
  -ASFR7=0380h-039Fh -ASFR8=0400h-041Fh -ASFR9=0480h-049Fh \
  -ASFR10=0500h-051Fh -ASFR11=0580h-059Fh -ASFR12=0600h-061Fh \
  -ASFR13=0680h-069Fh -ASFR14=0700h-071Fh -ASFR15=0780h-079Fh \
  -ASFR16=0800h-081Fh -ASFR17=0880h-089Fh -ASFR18=0900h-091Fh \
  -ASFR19=0980h-099Fh -ASFR20=0A00h-0A1Fh -ASFR21=0A80h-0A9Fh \
  -ASFR22=0B00h-0B1Fh -ASFR23=0B80h-0B9Fh -ASFR24=0C00h-0C1Fh \
  -ASFR25=0C80h-0C9Fh -ASFR26=0D00h-0D6Fh -ASFR27=0D80h-0DEFh \
  -ASFR28=0E00h-0E6Fh -ASFR29=0E80h-0EEFh -ASFR30=0F00h-0F6Fh \
  -ASFR31=0F80h-0FEFh -ASFR32=01000h-0106Fh -ASFR33=01080h-010EFh \
  -ASFR34=01100h-0116Fh -ASFR35=01180h-011EFh -ASFR36=01200h-0126Fh \
  -ASFR37=01280h-012EFh -ASFR38=01300h-0136Fh -ASFR39=01380h-013EFh \
  -ASFR40=01400h-0146Fh -ASFR41=01480h-014EFh -ASFR42=01500h-0156Fh \
  -ASFR43=01580h-015EFh -ASFR44=01600h-0166Fh -ASFR45=01680h-016EFh \
  -ASFR46=01700h-0176Fh -ASFR47=01780h-017EFh -ASFR48=01800h-0186Fh \
  -ASFR49=01880h-018EFh -ASFR50=01900h-0196Fh -ASFR51=01980h-019EFh \
  -ASFR52=01A00h-01A6Fh -ASFR53=01A80h-01AEFh -ASFR54=01B00h-01B6Fh \
  -ASFR55=01B80h-01BEFh -ASFR56=01C00h-01C6Fh -ASFR57=01C80h-01CEFh \
  -ASFR58=01D00h-01D6Fh -ASFR59=01D80h-01DEFh -ASFR60=01E00h-01E6Fh \
  -ASFR61=01E80h-01EEFh -ASFR62=01F00h-01F6Fh -ASFR63=01F80h-01FEFh \
  -preset_vec=00h,intentry=04h,init,end_init -ppowerup=CODE -pcinit=CODE \
  -pfunctab=ENTRY -ACONFIG=08007h-0800Bh -pconfig=CONFIG -DCONFIG=2 \
  -AIDLOC=08000h-08003h -pidloc=IDLOC -DIDLOC=2 -DCODE=2 -DSTRCODE=2 \
  -DSTRING=2 -DCONST=2 -DENTRY=2 -k \
  C:\Users\nicolas\AppData\Local\Temp\s7fs.obj \
  dist/default/debug\gcirc3.X.debug.obj 

Object code version is 3.11

Machine type is 16F15356



                Name                               Link     Load   Length Selector   Space Scale
C:\Users\nicolas\AppData\Local\Temp\s7fs.obj
                end_init                             2B       2B        2        8       0
                reset_vec                             0        0        3        0       0
                config                             8007     8007        5    1000E       0
dist/default/debug\gcirc3.X.debug.obj
                cinit                                2D       2D       1A        8       0
                intentry                              4        4       27        8       0
                text64                              E1E      E1E        3     1C3C       0
                text63                              EB3      EB3       10     1D66       0
                text62                              F4A      F4A       17     1E94       0
                swtext1                             800      800       18     1000       0
                text61                               47       47      136        8       0
                text60                              E3C      E3C        4     1C78       0
                text59                              E21      E21        3     1C42       0
                text58                              E92      E92        B     1D24       0
                text57                              EF8      EF8       14     1DF0       0
                text56                              E40      E40        4     1C80       0
                text55                              E24      E24        3     1C48       0
                text54                              E9D      E9D        B     1D3A       0
                text53                              F0C      F0C       14     1E18       0
                text51                              FAD      FAD       1B     1F5A       0
                text50                              E80      E80        9     1D00       0
                text49                              700      700       29        8       0
                text48                              E70      E70        8     1CE0       0
                text47                              E89      E89        9     1D12       0
                text46                              F20      F20       14     1E40       0
                text45                              7F6      7F6        9        8       0
                text44                              F34      F34       16     1E68       0
                text43                              ED4      ED4       12     1DA8       0
                text42                              776      776       25        8       0
                text41                              F79      F79       1A     1EF2       0
                text40                              F93      F93       1A     1F26       0
                text39                              E44      E44        4     1C88       0
                text38                              E48      E48        4     1C90       0
                text37                              7D9      7D9       1D        8       0
                text36                              E4C      E4C        4     1C98       0
                text35                              7BB      7BB       1E        8       0
                text34                              E50      E50        4     1CA0       0
                text33                              EE6      EE6       12     1DCC       0
                text32                              F61      F61       18     1EC2       0
                text31                              483      483       7D        8       0
                text30                              6A5      6A5       32        8       0
                text29                              EC3      EC3       11     1D86       0
                text28                              E27      E27        3     1C4E       0
                text27                              E2A      E2A        3     1C54       0
                text26                              E58      E58        6     1CB0       0
                text25                              E2D      E2D        3     1C5A       0
                text24                              E30      E30        3     1C60       0
                text23                              E33      E33        3     1C66       0
                text22                              E36      E36        3     1C6C       0
                text21                              E5E      E5E        6     1CBC       0
                text20                              E64      E64        6     1CC8       0
                text19                              FC8      FC8       1C     1F90       0
                text18                              62E      62E       3C        8       0
                text17                              E39      E39        3     1C72       0
                text16                              E78      E78        8     1CF0       0
                text15                              EA8      EA8        B     1D50       0
                text14                              500      500       65        8       0
                text13                              5F1      5F1       3D        8       0
                text12                              2A8      2A8       A9        8       0
                text11                              729      729       28        8       0
                text10                              E54      E54        4     1CA8       0
                text9                               5AC      5AC       45        8       0
                text8                               79B      79B       20        8       0
                text7                               351      351       9F        8       0
                text6                               565      565       47        8       0
                text5                               17D      17D      12B        8       0
                text4                               751      751       25        8       0
                text3                               66A      66A       3B        8       0
                text2                               3F0      3F0       93        8       0
                text1                               6D7      6D7       29        8       0
                maintext                            FE4      FE4       1C     1FC8       0
                cstackBANK0                          20       20       35       20       1
                cstackCOMMON                         77       77        7       70       1
                clrtext                             E6A      E6A        6     1CD4       0
                bssBANK1                             A0       A0       1A       A0       1
                bssBANK0                             55       55       1B       20       1
                bssCOMMON                            70       70        7       70       1
                nvBANK1                              BA       BA        4       A0       1

TOTAL           Name                               Link     Load   Length     Space
        CLASS   STACK          

        CLASS   CODE           
                end_init                             2B       2B        2         0
                cinit                                2D       2D       1A         0
                intentry                              4        4       27         0
                reset_vec                             0        0        3         0
                text64                              E1E      E1E        3         0
                text63                              EB3      EB3       10         0
                text62                              F4A      F4A       17         0
                text61                               47       47      136         0
                text60                              E3C      E3C        4         0
                text59                              E21      E21        3         0
                text58                              E92      E92        B         0
                text57                              EF8      EF8       14         0
                text56                              E40      E40        4         0
                text55                              E24      E24        3         0
                text54                              E9D      E9D        B         0
                text53                              F0C      F0C       14         0
                text51                              FAD      FAD       1B         0
                text50                              E80      E80        9         0
                text49                              700      700       29         0
                text48                              E70      E70        8         0
                text47                              E89      E89        9         0
                text46                              F20      F20       14         0
                text45                              7F6      7F6        9         0
                text44                              F34      F34       16         0
                text43                              ED4      ED4       12         0
                text42                              776      776       25         0
                text41                              F79      F79       1A         0
                text40                              F93      F93       1A         0
                text39                              E44      E44        4         0
                text38                              E48      E48        4         0
                text37                              7D9      7D9       1D         0
                text36                              E4C      E4C        4         0
                text35                              7BB      7BB       1E         0
                text34                              E50      E50        4         0
                text33                              EE6      EE6       12         0
                text32                              F61      F61       18         0
                text31                              483      483       7D         0
                text30                              6A5      6A5       32         0
                text29                              EC3      EC3       11         0
                text28                              E27      E27        3         0
                text27                              E2A      E2A        3         0
                text26                              E58      E58        6         0
                text25                              E2D      E2D        3         0
                text24                              E30      E30        3         0
                text23                              E33      E33        3         0
                text22                              E36      E36        3         0
                text21                              E5E      E5E        6         0
                text20                              E64      E64        6         0
                text19                              FC8      FC8       1C         0
                text18                              62E      62E       3C         0
                text17                              E39      E39        3         0
                text16                              E78      E78        8         0
                text15                              EA8      EA8        B         0
                text14                              500      500       65         0
                text13                              5F1      5F1       3D         0
                text12                              2A8      2A8       A9         0
                text11                              729      729       28         0
                text10                              E54      E54        4         0
                text9                               5AC      5AC       45         0
                text8                               79B      79B       20         0
                text7                               351      351       9F         0
                text6                               565      565       47         0
                text5                               17D      17D      12B         0
                text4                               751      751       25         0
                text3                               66A      66A       3B         0
                text2                               3F0      3F0       93         0
                text1                               6D7      6D7       29         0
                maintext                            FE4      FE4       1C         0
                clrtext                             E6A      E6A        6         0

        CLASS   STRCODE        

        CLASS   STRING         

        CLASS   CONST          
                swtext1                             800      800       18         0

        CLASS   ENTRY          

        CLASS   COMMON         
                cstackCOMMON                         77       77        7         1
                bssCOMMON                            70       70        7         1

        CLASS   BANK0          
                cstackBANK0                          20       20       35         1
                bssBANK0                             55       55       1B         1

        CLASS   BANK1          
                bssBANK1                             A0       A0       1A         1
                nvBANK1                              BA       BA        4         1

        CLASS   BANK2          

        CLASS   BANK3          

        CLASS   BANK4          

        CLASS   BANK5          

        CLASS   BANK6          

        CLASS   BANK7          

        CLASS   BANK8          

        CLASS   BANK9          

        CLASS   BANK10         

        CLASS   BANK11         

        CLASS   BANK12         

        CLASS   BANK13         

        CLASS   BANK14         

        CLASS   BANK15         

        CLASS   BANK16         

        CLASS   BANK17         

        CLASS   BANK18         

        CLASS   BANK19         

        CLASS   BANK20         

        CLASS   BANK21         

        CLASS   BANK22         

        CLASS   BANK23         

        CLASS   BANK24         

        CLASS   BANK25         

        CLASS   BIGRAM         

        CLASS   RAM            

        CLASS   ABS1           
                abs_s1                               7E       7E        2         1

        CLASS   SFR0           

        CLASS   SFR1           

        CLASS   SFR2           

        CLASS   SFR3           

        CLASS   SFR4           

        CLASS   SFR5           

        CLASS   SFR6           

        CLASS   SFR7           

        CLASS   SFR8           

        CLASS   SFR9           

        CLASS   SFR10          

        CLASS   SFR11          

        CLASS   SFR12          

        CLASS   SFR13          

        CLASS   SFR14          

        CLASS   SFR15          

        CLASS   SFR16          

        CLASS   SFR17          

        CLASS   SFR18          

        CLASS   SFR19          

        CLASS   SFR20          

        CLASS   SFR21          

        CLASS   SFR22          

        CLASS   SFR23          

        CLASS   SFR24          

        CLASS   SFR25          

        CLASS   SFR26          

        CLASS   SFR27          

        CLASS   SFR28          

        CLASS   SFR29          

        CLASS   SFR30          

        CLASS   SFR31          

        CLASS   SFR32          

        CLASS   SFR33          

        CLASS   SFR34          

        CLASS   SFR35          

        CLASS   SFR36          

        CLASS   SFR37          

        CLASS   SFR38          

        CLASS   SFR39          

        CLASS   SFR40          

        CLASS   SFR41          

        CLASS   SFR42          

        CLASS   SFR43          

        CLASS   SFR44          

        CLASS   SFR45          

        CLASS   SFR46          

        CLASS   SFR47          

        CLASS   SFR48          

        CLASS   SFR49          

        CLASS   SFR50          

        CLASS   SFR51          

        CLASS   SFR52          

        CLASS   SFR53          

        CLASS   SFR54          

        CLASS   SFR55          

        CLASS   SFR56          

        CLASS   SFR57          

        CLASS   SFR58          

        CLASS   SFR59          

        CLASS   SFR60          

        CLASS   SFR61          

        CLASS   SFR62          

        CLASS   SFR63          

        CLASS   CONFIG         
                config                             8007     8007        5         0

        CLASS   IDLOC          

        CLASS   BANK63         

        CLASS   BANK62         

        CLASS   BANK61         

        CLASS   BANK60         

        CLASS   BANK59         

        CLASS   BANK58         

        CLASS   BANK57         

        CLASS   BANK56         

        CLASS   BANK55         

        CLASS   BANK54         

        CLASS   BANK53         

        CLASS   BANK52         

        CLASS   BANK51         

        CLASS   BANK50         

        CLASS   BANK49         

        CLASS   BANK48         

        CLASS   BANK47         

        CLASS   BANK46         

        CLASS   BANK45         

        CLASS   BANK44         

        CLASS   BANK43         

        CLASS   BANK42         

        CLASS   BANK41         

        CLASS   BANK40         

        CLASS   BANK39         

        CLASS   BANK38         

        CLASS   BANK37         

        CLASS   BANK36         

        CLASS   BANK35         

        CLASS   BANK34         

        CLASS   BANK33         

        CLASS   BANK32         

        CLASS   BANK31         

        CLASS   BANK30         

        CLASS   BANK29         

        CLASS   BANK28         

        CLASS   BANK27         

        CLASS   BANK26         

        CLASS   EEDATA         



SEGMENTS        Name                           Load    Length   Top    Selector   Space  Class     Delta

                reset_vec                      000000  000003  000003         0       0  CODE        2
                intentry                       000004  0007FB  0007FF         8       0  CODE        2
                cstackBANK0                    000020  000050  000070        20       1  BANK0       1
                bssCOMMON                      000070  00000E  00007E        70       1  COMMON      1
                bssBANK1                       0000A0  00001E  0000BE        A0       1  BANK1       1
                swtext1                        000800  000018  000818      1000       0  CONST       2
                text64                         000E1E  000003  000E21      1C3C       0  CODE        2
                text59                         000E21  000003  000E24      1C42       0  CODE        2
                text55                         000E24  000003  000E27      1C48       0  CODE        2
                text28                         000E27  000003  000E2A      1C4E       0  CODE        2
                text27                         000E2A  000003  000E2D      1C54       0  CODE        2
                text25                         000E2D  000003  000E30      1C5A       0  CODE        2
                text24                         000E30  000003  000E33      1C60       0  CODE        2
                text23                         000E33  000003  000E36      1C66       0  CODE        2
                text22                         000E36  000003  000E39      1C6C       0  CODE        2
                text17                         000E39  000003  000E3C      1C72       0  CODE        2
                text60                         000E3C  000004  000E40      1C78       0  CODE        2
                text56                         000E40  000004  000E44      1C80       0  CODE        2
                text39                         000E44  000004  000E48      1C88       0  CODE        2
                text38                         000E48  000004  000E4C      1C90       0  CODE        2
                text36                         000E4C  000004  000E50      1C98       0  CODE        2
                text34                         000E50  000004  000E54      1CA0       0  CODE        2
                text10                         000E54  000004  000E58      1CA8       0  CODE        2
                text26                         000E58  000006  000E5E      1CB0       0  CODE        2
                text21                         000E5E  000006  000E64      1CBC       0  CODE        2
                text20                         000E64  000006  000E6A      1CC8       0  CODE        2
                clrtext                        000E6A  000006  000E70      1CD4       0  CODE        2
                text48                         000E70  000008  000E78      1CE0       0  CODE        2
                text16                         000E78  000008  000E80      1CF0       0  CODE        2
                text50                         000E80  000009  000E89      1D00       0  CODE        2
                text47                         000E89  000009  000E92      1D12       0  CODE        2
                text58                         000E92  00000B  000E9D      1D24       0  CODE        2
                text54                         000E9D  00000B  000EA8      1D3A       0  CODE        2
                text15                         000EA8  00000B  000EB3      1D50       0  CODE        2
                text63                         000EB3  000010  000EC3      1D66       0  CODE        2
                text29                         000EC3  000011  000ED4      1D86       0  CODE        2
                text43                         000ED4  000012  000EE6      1DA8       0  CODE        2
                text33                         000EE6  000012  000EF8      1DCC       0  CODE        2
                text57                         000EF8  000014  000F0C      1DF0       0  CODE        2
                text53                         000F0C  000014  000F20      1E18       0  CODE        2
                text46                         000F20  000014  000F34      1E40       0  CODE        2
                text44                         000F34  000016  000F4A      1E68       0  CODE        2
                text62                         000F4A  000017  000F61      1E94       0  CODE        2
                text32                         000F61  000018  000F79      1EC2       0  CODE        2
                text41                         000F79  00001A  000F93      1EF2       0  CODE        2
                text40                         000F93  00001A  000FAD      1F26       0  CODE        2
                text51                         000FAD  00001B  000FC8      1F5A       0  CODE        2
                text19                         000FC8  00001C  000FE4      1F90       0  CODE        2
                maintext                       000FE4  00001C  001000      1FC8       0  CODE        2
                config                         008007  000005  00800C     1000E       0  CONFIG      2


UNUSED ADDRESS RANGES

        Name                Unused          Largest block    Delta
        BANK1            000BE-000EF              32           1
        BANK10           00520-0056F              50           1
        BANK11           005A0-005EF              50           1
        BANK12           00620-0066F              50           1
        BANK13           006A0-006EF              50           1
        BANK14           00720-0076F              50           1
        BANK15           007A0-007EF              50           1
        BANK16           00820-0086F              50           1
        BANK17           008A0-008EF              50           1
        BANK18           00920-0096F              50           1
        BANK19           009A0-009EF              50           1
        BANK2            00120-0016F              50           1
        BANK20           00A20-00A6F              50           1
        BANK21           00AA0-00AEF              50           1
        BANK22           00B20-00B6F              50           1
        BANK23           00BA0-00BEF              50           1
        BANK24           00C20-00C6F              50           1
        BANK25           00CA0-00CBF              20           1
        BANK3            001A0-001EF              50           1
        BANK4            00220-0026F              50           1
        BANK5            002A0-002EF              50           1
        BANK6            00320-0036F              50           1
        BANK7            003A0-003EF              50           1
        BANK8            00420-0046F              50           1
        BANK9            004A0-004EF              50           1
        BIGRAM           02000-027EF             7F0           1
        CODE             00003-00003               1           2
                         007FF-007FF               1
                         00818-00E1D             606
                         01000-03FFF             800
        CONST            00003-00003               1           2
                         007FF-007FF               1
                         00818-00E1D             100
                         01000-03FFF             100
        ENTRY            00003-00003               1           2
                         007FF-007FF               1
                         00818-00E1D             100
                         01000-03FFF             100
        IDLOC            08000-08003               4           2
        RAM              000BE-000EF              32           1
                         00120-0016F              50
                         001A0-001EF              50
                         00220-0026F              50
                         002A0-002EF              50
                         00320-0036F              50
                         003A0-003EF              50
                         00420-0046F              50
                         004A0-004EF              50
                         00520-0056F              50
                         005A0-005EF              50
                         00620-0066F              50
                         006A0-006EF              50
                         00720-0076F              50
                         007A0-007EF              50
                         00820-0086F              50
                         008A0-008EF              50
                         00920-0096F              50
                         009A0-009EF              50
                         00A20-00A6F              50
                         00AA0-00AEF              50
                         00B20-00B6F              50
                         00BA0-00BEF              50
                         00C20-00C6F              50
                         00CA0-00CBF              20
        SFR0             00000-0001F              20           1
        SFR1             00080-0009F              20           1
        SFR10            00500-0051F              20           1
        SFR11            00580-0059F              20           1
        SFR12            00600-0061F              20           1
        SFR13            00680-0069F              20           1
        SFR14            00700-0071F              20           1
        SFR15            00780-0079F              20           1
        SFR16            00800-0081F              20           1
        SFR17            00880-0089F              20           1
        SFR18            00900-0091F              20           1
        SFR19            00980-0099F              20           1
        SFR2             00100-0011F              20           1
        SFR20            00A00-00A1F              20           1
        SFR21            00A80-00A9F              20           1
        SFR22            00B00-00B1F              20           1
        SFR23            00B80-00B9F              20           1
        SFR24            00C00-00C1F              20           1
        SFR25            00C80-00C9F              20           1
        SFR26            00D00-00D6F              70           1
        SFR27            00D80-00DEF              70           1
        SFR28            00E00-00E6F              70           1
        SFR29            00E80-00EEF              70           1
        SFR3             00180-0019F              20           1
        SFR30            00F00-00F6F              70           1
        SFR31            00F80-00FEF              70           1
        SFR32            01000-0106F              70           1
        SFR33            01080-010EF              70           1
        SFR34            01100-0116F              70           1
        SFR35            01180-011EF              70           1
        SFR36            01200-0126F              70           1
        SFR37            01280-012EF              70           1
        SFR38            01300-0136F              70           1
        SFR39            01380-013EF              70           1
        SFR4             00200-0021F              20           1
        SFR40            01400-0146F              70           1
        SFR41            01480-014EF              70           1
        SFR42            01500-0156F              70           1
        SFR43            01580-015EF              70           1
        SFR44            01600-0166F              70           1
        SFR45            01680-016EF              70           1
        SFR46            01700-0176F              70           1
        SFR47            01780-017EF              70           1
        SFR48            01800-0186F              70           1
        SFR49            01880-018EF              70           1
        SFR5             00280-0029F              20           1
        SFR50            01900-0196F              70           1
        SFR51            01980-019EF              70           1
        SFR52            01A00-01A6F              70           1
        SFR53            01A80-01AEF              70           1
        SFR54            01B00-01B6F              70           1
        SFR55            01B80-01BEF              70           1
        SFR56            01C00-01C6F              70           1
        SFR57            01C80-01CEF              70           1
        SFR58            01D00-01D6F              70           1
        SFR59            01D80-01DEF              70           1
        SFR6             00300-0031F              20           1
        SFR60            01E00-01E6F              70           1
        SFR61            01E80-01EEF              70           1
        SFR62            01F00-01F6F              70           1
        SFR63            01F80-01FEF              70           1
        SFR7             00380-0039F              20           1
        SFR8             00400-0041F              20           1
        SFR9             00480-0049F              20           1
        STACK            0206E-027EF             782           1
        STRCODE          00003-00003               1           2
                         007FF-007FF               1
                         00818-00E1D             606
                         01000-03FFF            3000
        STRING           00003-00003               1           2
                         007FF-007FF               1
                         00818-00E1D             100
                         01000-03FFF             100

                                  Symbol Table

?___altoft                                 cstackBANK0  00028
?___ftdiv                                  cstackBANK0  00030
?___ftpack                                 cstackBANK0  00020
?___wmul                                   cstackBANK0  00020
?_read_meters                              cstackBANK0  00040
?_read_pressure                            cstackBANK0  00027
I2C2_ISR@i2c_10bit_address_restart         bssBANK0     00068
I2C2_ISR@i2c_address                       bssCOMMON    00075
I2C2_ISR@i2c_bytes_left                    bssBANK0     00069
I2C2_ISR@pi2c_buf_ptr                      bssCOMMON    00070
I2C2_MasterRead@trBlock                    bssBANK1     000AF
I2C2_MasterReadTRBBuild@address            cstackBANK0  00022
I2C2_MasterReadTRBBuild@length             cstackBANK0  00021
I2C2_MasterReadTRBBuild@pdata              cstackBANK0  00020
I2C2_MasterReadTRBBuild@ptrb               cstackBANK0  00026
I2C2_MasterTRBInsert@count                 cstackBANK0  00023
I2C2_MasterTRBInsert@pflag                 cstackBANK0  00021
I2C2_MasterTRBInsert@ptrb_list             cstackBANK0  00020
I2C2_MasterWrite@trBlock                   bssBANK1     000B3
I2C2_MasterWriteTRBBuild@address           cstackBANK0  00022
I2C2_MasterWriteTRBBuild@length            cstackBANK0  00021
I2C2_MasterWriteTRBBuild@pdata             cstackBANK0  00020
I2C2_MasterWriteTRBBuild@ptrb              cstackBANK0  00026
I2C2_Stop@completion_code                  cstackCOMMON 00078
I2Cdata@cmd                                cstackBANK0  00020
I2Cdata@mask                               cstackBANK0  00024
SoundChip_Active@cmd                       cstackBANK0  00026
SoundChip_Play@addr                        cstackBANK0  00026
SoundChip_Play@cmd                         cstackBANK0  00028
TMR0_ISR@CountCallBack                     bssBANK0     0005F
TMR0_SetInterruptHandler@InterruptHandler  cstackBANK0  00020
TMR0_WriteTimer@timerVal                   cstackBANK0  00020
TMR2_Counter8BitSet@timerVal               cstackBANK0  00020
TMR2_ISR@CountCallBack                     bssBANK0     0005D
TMR2_SetInterruptHandler@InterruptHandler  cstackBANK0  00020
TMR2_WriteTimer@timerVal                   cstackBANK0  00021
_ANSELA                                    (abs)        01F38
_ANSELB                                    (abs)        01F43
_ANSELC                                    (abs)        01F4E
_I2C2_BusCollisionISR                      text64       00E1E
_I2C2_FunctionComplete                     text63       00EB3
_I2C2_ISR                                  text61       00047
_I2C2_Initialize                           text51       00FAD
_I2C2_MasterReadTRBBuild                   text11       00729
_I2C2_MasterTRBInsert                      text9        005AC
_I2C2_MasterWriteTRBBuild                  text8        0079B
_I2C2_Stop                                 text62       00F4A
_I2C2_WaitForLastPacketToComplete          text10       00E54
_I2Cdata                                   text42       00776
_INTCONbits                                (abs)        0000B
_INTERRUPT_InterruptManager                intentry     00004
_LATA                                      (abs)        00018
_LATAbits                                  (abs)        00018
_LATB                                      (abs)        00019
_LATBbits                                  (abs)        00019
_LATC                                      (abs)        0001A
_LATCbits                                  (abs)        0001A
_ODCONA                                    (abs)        01F3A
_ODCONB                                    (abs)        01F45
_ODCONC                                    (abs)        01F50
_OSCCON1                                   (abs)        0088D
_OSCCON3                                   (abs)        0088F
_OSCEN                                     (abs)        00891
_OSCFRQ                                    (abs)        00893
_OSCILLATOR_Initialize                     text50       00E80
_OSCSTAT                                   (abs)        00890
_OSCTUNE                                   (abs)        00892
_PIE0bits                                  (abs)        00716
_PIE3bits                                  (abs)        00719
_PIE4bits                                  (abs)        0071A
_PIN_MANAGER_Initialize                    text49       00700
_PIR0bits                                  (abs)        0070C
_PIR3bits                                  (abs)        0070F
_PIR4bits                                  (abs)        00710
_PMD0                                      (abs)        00796
_PMD1                                      (abs)        00797
_PMD2                                      (abs)        00798
_PMD3                                      (abs)        00799
_PMD4                                      (abs)        0079A
_PMD5                                      (abs)        0079B
_PMD_Initialize                            text48       00E70
_PORTAbits                                 (abs)        0000C
_PORTBbits                                 (abs)        0000D
_PORTCbits                                 (abs)        0000E
_PR2                                       (abs)        0028D
_RC3PPS                                    (abs)        01F23
_RC4PPS                                    (abs)        01F24
_SSP2ADD                                   (abs)        00197
_SSP2BUF                                   (abs)        00196
_SSP2CLKPPSbits                            (abs)        01EC8
_SSP2CON1                                  (abs)        0019A
_SSP2CON1bits                              (abs)        0019A
_SSP2CON2bits                              (abs)        0019B
_SSP2CON3                                  (abs)        0019C
_SSP2DATPPSbits                            (abs)        01EC9
_SSP2STAT                                  (abs)        00199
_SYSTEM_Initialize                         text43       00ED4
_SoundChip_Active                          text41       00F79
_SoundChip_Play                            text40       00F93
_T0CON0                                    (abs)        0059E
_T0CON0bits                                (abs)        0059E
_T0CON1                                    (abs)        0059F
_T2CLKCON                                  (abs)        00290
_T2CON                                     (abs)        0028E
_T2CONbits                                 (abs)        0028E
_T2HLT                                     (abs)        0028F
_T2HLTbits                                 (abs)        0028F
_T2PR                                      (abs)        0028D
_T2RST                                     (abs)        00291
_T2RSTbits                                 (abs)        00291
_T2TMR                                     (abs)        0028C
_TMR0H                                     (abs)        0059D
_TMR0L                                     (abs)        0059C
_TMR0_CallBack                             text58       00E92
_TMR0_DefaultInterruptHandler              text59       00E21
_TMR0_ISR                                  text57       00EF8
_TMR0_Initialize                           text46       00F20
_TMR0_InterruptHandler                     nvBANK1      000BC
_TMR0_SetInterruptHandler                  text47       00E89
_TMR0_StartTimer                           text28       00E27
_TMR0_StopTimer                            text27       00E2A
_TMR0_WriteTimer                           text26       00E58
_TMR2                                      (abs)        0028C
_TMR2_CallBack                             text54       00E9D
_TMR2_Counter8BitSet                       text21       00E5E
_TMR2_DefaultInterruptHandler              text55       00E24
_TMR2_ISR                                  text53       00F0C
_TMR2_Initialize                           text44       00F34
_TMR2_InterruptHandler                     nvBANK1      000BA
_TMR2_SetInterruptHandler                  text45       007F6
_TMR2_Start                                text25       00E2D
_TMR2_StartTimer                           text24       00E30
_TMR2_Stop                                 text23       00E33
_TMR2_StopTimer                            text22       00E36
_TMR2_WriteTimer                           text20       00E64
_TRB                                       bssBANK1     000A3
_TRISA                                     (abs)        00012
_TRISB                                     (abs)        00013
_TRISC                                     (abs)        00014
_WPUA                                      (abs)        01F39
_WPUB                                      (abs)        01F44
_WPUC                                      (abs)        01F4F
_WPUE                                      (abs)        01F65
__CFG_BBEN$OFF                             (abs)        00000
__CFG_BBSIZE$BB512                         (abs)        00000
__CFG_BOREN$ON                             (abs)        00000
__CFG_BORV$LO                              (abs)        00000
__CFG_CLKOUTEN$OFF                         (abs)        00000
__CFG_CP$OFF                               (abs)        00000
__CFG_CSWEN$ON                             (abs)        00000
__CFG_FCMEN$ON                             (abs)        00000
__CFG_FEXTOSC$OFF                          (abs)        00000
__CFG_LPBOREN$OFF                          (abs)        00000
__CFG_LVP$ON                               (abs)        00000
__CFG_MCLRE$ON                             (abs)        00000
__CFG_PPS1WAY$ON                           (abs)        00000
__CFG_PWRTE$OFF                            (abs)        00000
__CFG_RSTOSC$HFINT1                        (abs)        00000
__CFG_SAFEN$OFF                            (abs)        00000
__CFG_STVREN$ON                            (abs)        00000
__CFG_WDTCCS$SC                            (abs)        00000
__CFG_WDTCPS$WDTCPS_31                     (abs)        00000
__CFG_WDTCWS$WDTCWS_7                      (abs)        00000
__CFG_WDTE$OFF                             (abs)        00000
__CFG_WRTAPP$OFF                           (abs)        00000
__CFG_WRTB$OFF                             (abs)        00000
__CFG_WRTC$OFF                             (abs)        00000
__CFG_WRTSAF$OFF                           (abs)        00000
__CFG_ZCD$OFF                              (abs)        00000
__Habs1                                    abs1         00000
__Hbank0                                   bank0        00000
__Hbank1                                   bank1        00000
__Hbank10                                  bank10       00000
__Hbank11                                  bank11       00000
__Hbank12                                  bank12       00000
__Hbank13                                  bank13       00000
__Hbank14                                  bank14       00000
__Hbank15                                  bank15       00000
__Hbank16                                  bank16       00000
__Hbank17                                  bank17       00000
__Hbank18                                  bank18       00000
__Hbank19                                  bank19       00000
__Hbank2                                   bank2        00000
__Hbank20                                  bank20       00000
__Hbank21                                  bank21       00000
__Hbank22                                  bank22       00000
__Hbank23                                  bank23       00000
__Hbank24                                  bank24       00000
__Hbank25                                  bank25       00000
__Hbank26                                  bank26       00000
__Hbank27                                  bank27       00000
__Hbank28                                  bank28       00000
__Hbank29                                  bank29       00000
__Hbank3                                   bank3        00000
__Hbank30                                  bank30       00000
__Hbank31                                  bank31       00000
__Hbank32                                  bank32       00000
__Hbank33                                  bank33       00000
__Hbank34                                  bank34       00000
__Hbank35                                  bank35       00000
__Hbank36                                  bank36       00000
__Hbank37                                  bank37       00000
__Hbank38                                  bank38       00000
__Hbank39                                  bank39       00000
__Hbank4                                   bank4        00000
__Hbank40                                  bank40       00000
__Hbank41                                  bank41       00000
__Hbank42                                  bank42       00000
__Hbank43                                  bank43       00000
__Hbank44                                  bank44       00000
__Hbank45                                  bank45       00000
__Hbank46                                  bank46       00000
__Hbank47                                  bank47       00000
__Hbank48                                  bank48       00000
__Hbank49                                  bank49       00000
__Hbank5                                   bank5        00000
__Hbank50                                  bank50       00000
__Hbank51                                  bank51       00000
__Hbank52                                  bank52       00000
__Hbank53                                  bank53       00000
__Hbank54                                  bank54       00000
__Hbank55                                  bank55       00000
__Hbank56                                  bank56       00000
__Hbank57                                  bank57       00000
__Hbank58                                  bank58       00000
__Hbank59                                  bank59       00000
__Hbank6                                   bank6        00000
__Hbank60                                  bank60       00000
__Hbank61                                  bank61       00000
__Hbank62                                  bank62       00000
__Hbank63                                  bank63       00000
__Hbank7                                   bank7        00000
__Hbank8                                   bank8        00000
__Hbank9                                   bank9        00000
__Hbigram                                  bigram       00000
__HbssBANK0                                bssBANK0     00000
__HbssBANK1                                bssBANK1     00000
__HbssCOMMON                               bssCOMMON    00000
__Hcinit                                   cinit        00047
__Hclrtext                                 clrtext      00000
__Hcode                                    code         00000
__Hcommon                                  common       00000
__Hconfig                                  config       0800C
__HcstackBANK0                             cstackBANK0  00000
__HcstackCOMMON                            cstackCOMMON 00000
__Heeprom_data                             eeprom_data  00000
__Hend_init                                end_init     0002D
__Hfunctab                                 functab      00000
__Hidloc                                   idloc        00000
__Hinit                                    init         0002B
__Hintentry                                intentry     0002B
__Hmaintext                                maintext     00000
__HnvBANK1                                 nvBANK1      00000
__Hpowerup                                 powerup      00000
__Hram                                     ram          00000
__Hreset_vec                               reset_vec    00003
__Hsfr0                                    sfr0         00000
__Hsfr1                                    sfr1         00000
__Hsfr10                                   sfr10        00000
__Hsfr11                                   sfr11        00000
__Hsfr12                                   sfr12        00000
__Hsfr13                                   sfr13        00000
__Hsfr14                                   sfr14        00000
__Hsfr15                                   sfr15        00000
__Hsfr16                                   sfr16        00000
__Hsfr17                                   sfr17        00000
__Hsfr18                                   sfr18        00000
__Hsfr19                                   sfr19        00000
__Hsfr2                                    sfr2         00000
__Hsfr20                                   sfr20        00000
__Hsfr21                                   sfr21        00000
__Hsfr22                                   sfr22        00000
__Hsfr23                                   sfr23        00000
__Hsfr24                                   sfr24        00000
__Hsfr25                                   sfr25        00000
__Hsfr26                                   sfr26        00000
__Hsfr27                                   sfr27        00000
__Hsfr28                                   sfr28        00000
__Hsfr29                                   sfr29        00000
__Hsfr3                                    sfr3         00000
__Hsfr30                                   sfr30        00000
__Hsfr31                                   sfr31        00000
__Hsfr32                                   sfr32        00000
__Hsfr33                                   sfr33        00000
__Hsfr34                                   sfr34        00000
__Hsfr35                                   sfr35        00000
__Hsfr36                                   sfr36        00000
__Hsfr37                                   sfr37        00000
__Hsfr38                                   sfr38        00000
__Hsfr39                                   sfr39        00000
__Hsfr4                                    sfr4         00000
__Hsfr40                                   sfr40        00000
__Hsfr41                                   sfr41        00000
__Hsfr42                                   sfr42        00000
__Hsfr43                                   sfr43        00000
__Hsfr44                                   sfr44        00000
__Hsfr45                                   sfr45        00000
__Hsfr46                                   sfr46        00000
__Hsfr47                                   sfr47        00000
__Hsfr48                                   sfr48        00000
__Hsfr49                                   sfr49        00000
__Hsfr5                                    sfr5         00000
__Hsfr50                                   sfr50        00000
__Hsfr51                                   sfr51        00000
__Hsfr52                                   sfr52        00000
__Hsfr53                                   sfr53        00000
__Hsfr54                                   sfr54        00000
__Hsfr55                                   sfr55        00000
__Hsfr56                                   sfr56        00000
__Hsfr57                                   sfr57        00000
__Hsfr58                                   sfr58        00000
__Hsfr59                                   sfr59        00000
__Hsfr6                                    sfr6         00000
__Hsfr60                                   sfr60        00000
__Hsfr61                                   sfr61        00000
__Hsfr62                                   sfr62        00000
__Hsfr63                                   sfr63        00000
__Hsfr7                                    sfr7         00000
__Hsfr8                                    sfr8         00000
__Hsfr9                                    sfr9         00000
__Hspace_0                                 (abs)        0800C
__Hspace_1                                 (abs)        000BE
__Hspace_2                                 (abs)        00000
__Hspace_3                                 (abs)        00000
__Hstack                                   stack        00000
__Hstrings                                 strings      00000
__Htext                                    text         00000
__Labs1                                    abs1         00000
__Lbank0                                   bank0        00000
__Lbank1                                   bank1        00000
__Lbank10                                  bank10       00000
__Lbank11                                  bank11       00000
__Lbank12                                  bank12       00000
__Lbank13                                  bank13       00000
__Lbank14                                  bank14       00000
__Lbank15                                  bank15       00000
__Lbank16                                  bank16       00000
__Lbank17                                  bank17       00000
__Lbank18                                  bank18       00000
__Lbank19                                  bank19       00000
__Lbank2                                   bank2        00000
__Lbank20                                  bank20       00000
__Lbank21                                  bank21       00000
__Lbank22                                  bank22       00000
__Lbank23                                  bank23       00000
__Lbank24                                  bank24       00000
__Lbank25                                  bank25       00000
__Lbank26                                  bank26       00000
__Lbank27                                  bank27       00000
__Lbank28                                  bank28       00000
__Lbank29                                  bank29       00000
__Lbank3                                   bank3        00000
__Lbank30                                  bank30       00000
__Lbank31                                  bank31       00000
__Lbank32                                  bank32       00000
__Lbank33                                  bank33       00000
__Lbank34                                  bank34       00000
__Lbank35                                  bank35       00000
__Lbank36                                  bank36       00000
__Lbank37                                  bank37       00000
__Lbank38                                  bank38       00000
__Lbank39                                  bank39       00000
__Lbank4                                   bank4        00000
__Lbank40                                  bank40       00000
__Lbank41                                  bank41       00000
__Lbank42                                  bank42       00000
__Lbank43                                  bank43       00000
__Lbank44                                  bank44       00000
__Lbank45                                  bank45       00000
__Lbank46                                  bank46       00000
__Lbank47                                  bank47       00000
__Lbank48                                  bank48       00000
__Lbank49                                  bank49       00000
__Lbank5                                   bank5        00000
__Lbank50                                  bank50       00000
__Lbank51                                  bank51       00000
__Lbank52                                  bank52       00000
__Lbank53                                  bank53       00000
__Lbank54                                  bank54       00000
__Lbank55                                  bank55       00000
__Lbank56                                  bank56       00000
__Lbank57                                  bank57       00000
__Lbank58                                  bank58       00000
__Lbank59                                  bank59       00000
__Lbank6                                   bank6        00000
__Lbank60                                  bank60       00000
__Lbank61                                  bank61       00000
__Lbank62                                  bank62       00000
__Lbank63                                  bank63       00000
__Lbank7                                   bank7        00000
__Lbank8                                   bank8        00000
__Lbank9                                   bank9        00000
__Lbigram                                  bigram       00000
__LbssBANK0                                bssBANK0     00000
__LbssBANK1                                bssBANK1     00000
__LbssCOMMON                               bssCOMMON    00000
__Lcinit                                   cinit        0002D
__Lclrtext                                 clrtext      00000
__Lcode                                    code         00000
__Lcommon                                  common       00000
__Lconfig                                  config       08007
__LcstackBANK0                             cstackBANK0  00000
__LcstackCOMMON                            cstackCOMMON 00000
__Leeprom_data                             eeprom_data  00000
__Lend_init                                end_init     0002B
__Lfunctab                                 functab      00000
__Lidloc                                   idloc        00000
__Linit                                    init         0002B
__Lintentry                                intentry     00004
__Lmaintext                                maintext     00000
__LnvBANK1                                 nvBANK1      00000
__Lpowerup                                 powerup      00000
__Lram                                     ram          00000
__Lreset_vec                               reset_vec    00000
__Lsfr0                                    sfr0         00000
__Lsfr1                                    sfr1         00000
__Lsfr10                                   sfr10        00000
__Lsfr11                                   sfr11        00000
__Lsfr12                                   sfr12        00000
__Lsfr13                                   sfr13        00000
__Lsfr14                                   sfr14        00000
__Lsfr15                                   sfr15        00000
__Lsfr16                                   sfr16        00000
__Lsfr17                                   sfr17        00000
__Lsfr18                                   sfr18        00000
__Lsfr19                                   sfr19        00000
__Lsfr2                                    sfr2         00000
__Lsfr20                                   sfr20        00000
__Lsfr21                                   sfr21        00000
__Lsfr22                                   sfr22        00000
__Lsfr23                                   sfr23        00000
__Lsfr24                                   sfr24        00000
__Lsfr25                                   sfr25        00000
__Lsfr26                                   sfr26        00000
__Lsfr27                                   sfr27        00000
__Lsfr28                                   sfr28        00000
__Lsfr29                                   sfr29        00000
__Lsfr3                                    sfr3         00000
__Lsfr30                                   sfr30        00000
__Lsfr31                                   sfr31        00000
__Lsfr32                                   sfr32        00000
__Lsfr33                                   sfr33        00000
__Lsfr34                                   sfr34        00000
__Lsfr35                                   sfr35        00000
__Lsfr36                                   sfr36        00000
__Lsfr37                                   sfr37        00000
__Lsfr38                                   sfr38        00000
__Lsfr39                                   sfr39        00000
__Lsfr4                                    sfr4         00000
__Lsfr40                                   sfr40        00000
__Lsfr41                                   sfr41        00000
__Lsfr42                                   sfr42        00000
__Lsfr43                                   sfr43        00000
__Lsfr44                                   sfr44        00000
__Lsfr45                                   sfr45        00000
__Lsfr46                                   sfr46        00000
__Lsfr47                                   sfr47        00000
__Lsfr48                                   sfr48        00000
__Lsfr49                                   sfr49        00000
__Lsfr5                                    sfr5         00000
__Lsfr50                                   sfr50        00000
__Lsfr51                                   sfr51        00000
__Lsfr52                                   sfr52        00000
__Lsfr53                                   sfr53        00000
__Lsfr54                                   sfr54        00000
__Lsfr55                                   sfr55        00000
__Lsfr56                                   sfr56        00000
__Lsfr57                                   sfr57        00000
__Lsfr58                                   sfr58        00000
__Lsfr59                                   sfr59        00000
__Lsfr6                                    sfr6         00000
__Lsfr60                                   sfr60        00000
__Lsfr61                                   sfr61        00000
__Lsfr62                                   sfr62        00000
__Lsfr63                                   sfr63        00000
__Lsfr7                                    sfr7         00000
__Lsfr8                                    sfr8         00000
__Lsfr9                                    sfr9         00000
__Lspace_0                                 (abs)        00000
__Lspace_1                                 (abs)        00000
__Lspace_2                                 (abs)        00000
__Lspace_3                                 (abs)        00000
__Lstack                                   stack        00000
__Lstrings                                 strings      00000
__Ltext                                    text         00000
__S0                                       (abs)        0800C
__S1                                       (abs)        000BE
__S2                                       (abs)        00000
___altoft                                  text13       005F1
___altoft@c                                cstackBANK0  00028
___altoft@exp                              cstackBANK0  0002E
___altoft@sign                             cstackBANK0  0002F
___ftdiv                                   text12       002A8
___ftdiv@cntr                              cstackBANK0  0003A
___ftdiv@exp                               cstackBANK0  0003E
___ftdiv@f1                                cstackBANK0  00033
___ftdiv@f2                                cstackBANK0  00030
___ftdiv@f3                                cstackBANK0  0003B
___ftdiv@sign                              cstackBANK0  0003F
___ftge                                    text18       0062E
___ftge@ff1                                cstackBANK0  00020
___ftge@ff2                                cstackBANK0  00023
___ftpack                                  text14       00500
___ftpack@arg                              cstackBANK0  00020
___ftpack@exp                              cstackBANK0  00023
___ftpack@sign                             cstackBANK0  00024
___int_sp                                  stack        00000
___latbits                                 (abs)        00003
___sp                                      stack        00000
___wmul                                    text19       00FC8
___wmul@multiplicand                       cstackBANK0  00022
___wmul@multiplier                         cstackBANK0  00020
___wmul@product                            cstackBANK0  00024
__end_of_I2C2_BusCollisionISR              text64       00E21
__end_of_I2C2_FunctionComplete             text63       00EC3
__end_of_I2C2_ISR                          text61       0017D
__end_of_I2C2_Initialize                   text51       00FC8
__end_of_I2C2_MasterReadTRBBuild           text11       00751
__end_of_I2C2_MasterTRBInsert              text9        005F1
__end_of_I2C2_MasterWriteTRBBuild          text8        007BB
__end_of_I2C2_Stop                         text62       00F61
__end_of_I2C2_WaitForLastPacketToComplete  text10       00E58
__end_of_I2Cdata                           text42       0079B
__end_of_INTERRUPT_InterruptManager        intentry     0002B
__end_of_OSCILLATOR_Initialize             text50       00E89
__end_of_PIN_MANAGER_Initialize            text49       00729
__end_of_PMD_Initialize                    text48       00E78
__end_of_SYSTEM_Initialize                 text43       00EE6
__end_of_SoundChip_Active                  text41       00F93
__end_of_SoundChip_Play                    text40       00FAD
__end_of_TMR0_CallBack                     text58       00E9D
__end_of_TMR0_DefaultInterruptHandler      text59       00E24
__end_of_TMR0_ISR                          text57       00F0C
__end_of_TMR0_Initialize                   text46       00F34
__end_of_TMR0_SetInterruptHandler          text47       00E92
__end_of_TMR0_StartTimer                   text28       00E2A
__end_of_TMR0_StopTimer                    text27       00E2D
__end_of_TMR0_WriteTimer                   text26       00E5E
__end_of_TMR2_CallBack                     text54       00EA8
__end_of_TMR2_Counter8BitSet               text21       00E64
__end_of_TMR2_DefaultInterruptHandler      text55       00E27
__end_of_TMR2_ISR                          text53       00F20
__end_of_TMR2_Initialize                   text44       00F4A
__end_of_TMR2_SetInterruptHandler          text45       007FF
__end_of_TMR2_Start                        text25       00E30
__end_of_TMR2_StartTimer                   text24       00E33
__end_of_TMR2_Stop                         text23       00E36
__end_of_TMR2_StopTimer                    text22       00E39
__end_of_TMR2_WriteTimer                   text20       00E6A
__end_of___altoft                          text13       0062E
__end_of___ftdiv                           text12       00351
__end_of___ftge                            text18       0066A
__end_of___ftpack                          text14       00565
__end_of___wmul                            text19       00FE4
__end_of__initialization                   cinit        00043
__end_of_cambio_canale                     text31       00500
__end_of_check_barometro                   text5        002A8
__end_of_check_battery                     text4        00776
__end_of_check_sintetizzatore_ready        text39       00E48
__end_of_check_work                        text17       00E3C
__end_of_gestione_puls1                    text35       007D9
__end_of_initialize_sintetizzatore         text37       007F6
__end_of_is_tx_mode                        text16       00E80
__end_of_main                              maintext     01000
__end_of_play                              text15       00EB3
__end_of_poll_puls1                        text32       00F79
__end_of_poll_puls2                        text1        00700
__end_of_programmazione                    text29       00ED4
__end_of_read_meters                       text6        005AC
__end_of_read_pressure                     text7        003F0
__end_of_rilascio_puls1                    text33       00EF8
__end_of_rxtx_allarm                       text2        00483
__end_of_set_rx_mode                       text34       00E54
__end_of_set_tx_mode                       text36       00E50
__end_of_test_battery_barometro            text3        006A5
__end_of_tmr0_overflow                     text60       00E40
__end_of_tmr2_overflow                     text56       00E44
__end_of_volume                            text30       006D7
__end_of_wait_message                      text38       00E4C
__initialization                           cinit        0002D
__pbssBANK0                                bssBANK0     00055
__pbssBANK1                                bssBANK1     000A0
__pbssCOMMON                               bssCOMMON    00070
__pcstackBANK0                             cstackBANK0  00020
__pcstackCOMMON                            cstackCOMMON 00077
__pintentry                                intentry     00004
__pmaintext                                maintext     00FE4
__pnvBANK1                                 nvBANK1      000BA
__pswtext1                                 swtext1      00800
__ptext1                                   text1        006D7
__ptext10                                  text10       00E54
__ptext11                                  text11       00729
__ptext12                                  text12       002A8
__ptext13                                  text13       005F1
__ptext14                                  text14       00500
__ptext15                                  text15       00EA8
__ptext16                                  text16       00E78
__ptext17                                  text17       00E39
__ptext18                                  text18       0062E
__ptext19                                  text19       00FC8
__ptext2                                   text2        003F0
__ptext20                                  text20       00E64
__ptext21                                  text21       00E5E
__ptext22                                  text22       00E36
__ptext23                                  text23       00E33
__ptext24                                  text24       00E30
__ptext25                                  text25       00E2D
__ptext26                                  text26       00E58
__ptext27                                  text27       00E2A
__ptext28                                  text28       00E27
__ptext29                                  text29       00EC3
__ptext3                                   text3        0066A
__ptext30                                  text30       006A5
__ptext31                                  text31       00483
__ptext32                                  text32       00F61
__ptext33                                  text33       00EE6
__ptext34                                  text34       00E50
__ptext35                                  text35       007BB
__ptext36                                  text36       00E4C
__ptext37                                  text37       007D9
__ptext38                                  text38       00E48
__ptext39                                  text39       00E44
__ptext4                                   text4        00751
__ptext40                                  text40       00F93
__ptext41                                  text41       00F79
__ptext42                                  text42       00776
__ptext43                                  text43       00ED4
__ptext44                                  text44       00F34
__ptext45                                  text45       007F6
__ptext46                                  text46       00F20
__ptext47                                  text47       00E89
__ptext48                                  text48       00E70
__ptext49                                  text49       00700
__ptext5                                   text5        0017D
__ptext50                                  text50       00E80
__ptext51                                  text51       00FAD
__ptext53                                  text53       00F0C
__ptext54                                  text54       00E9D
__ptext55                                  text55       00E24
__ptext56                                  text56       00E40
__ptext57                                  text57       00EF8
__ptext58                                  text58       00E92
__ptext59                                  text59       00E21
__ptext6                                   text6        00565
__ptext60                                  text60       00E3C
__ptext61                                  text61       00047
__ptext62                                  text62       00F4A
__ptext63                                  text63       00EB3
__ptext64                                  text64       00E1E
__ptext7                                   text7        00351
__ptext8                                   text8        0079B
__ptext9                                   text9        005AC
__size_of_I2C2_BusCollisionISR             (abs)        00000
__size_of_I2C2_FunctionComplete            (abs)        00000
__size_of_I2C2_ISR                         (abs)        00000
__size_of_I2C2_Initialize                  (abs)        00000
__size_of_I2C2_MasterReadTRBBuild          (abs)        00000
__size_of_I2C2_MasterTRBInsert             (abs)        00000
__size_of_I2C2_MasterWriteTRBBuild         (abs)        00000
__size_of_I2C2_Stop                        (abs)        00000
__size_of_I2C2_WaitForLastPacketToComplete (abs)        00000
__size_of_I2Cdata                          (abs)        00000
__size_of_INTERRUPT_InterruptManager       (abs)        00000
__size_of_OSCILLATOR_Initialize            (abs)        00000
__size_of_PIN_MANAGER_Initialize           (abs)        00000
__size_of_PMD_Initialize                   (abs)        00000
__size_of_SYSTEM_Initialize                (abs)        00000
__size_of_SoundChip_Active                 (abs)        00000
__size_of_SoundChip_Play                   (abs)        00000
__size_of_TMR0_CallBack                    (abs)        00000
__size_of_TMR0_DefaultInterruptHandler     (abs)        00000
__size_of_TMR0_ISR                         (abs)        00000
__size_of_TMR0_Initialize                  (abs)        00000
__size_of_TMR0_SetInterruptHandler         (abs)        00000
__size_of_TMR0_StartTimer                  (abs)        00000
__size_of_TMR0_StopTimer                   (abs)        00000
__size_of_TMR0_WriteTimer                  (abs)        00000
__size_of_TMR2_CallBack                    (abs)        00000
__size_of_TMR2_Counter8BitSet              (abs)        00000
__size_of_TMR2_DefaultInterruptHandler     (abs)        00000
__size_of_TMR2_ISR                         (abs)        00000
__size_of_TMR2_Initialize                  (abs)        00000
__size_of_TMR2_SetInterruptHandler         (abs)        00000
__size_of_TMR2_Start                       (abs)        00000
__size_of_TMR2_StartTimer                  (abs)        00000
__size_of_TMR2_Stop                        (abs)        00000
__size_of_TMR2_StopTimer                   (abs)        00000
__size_of_TMR2_WriteTimer                  (abs)        00000
__size_of___altoft                         (abs)        00000
__size_of___ftdiv                          (abs)        00000
__size_of___ftge                           (abs)        00000
__size_of___ftpack                         (abs)        00000
__size_of___wmul                           (abs)        00000
__size_of_cambio_canale                    (abs)        00000
__size_of_check_barometro                  (abs)        00000
__size_of_check_battery                    (abs)        00000
__size_of_check_sintetizzatore_ready       (abs)        00000
__size_of_check_work                       (abs)        00000
__size_of_gestione_puls1                   (abs)        00000
__size_of_initialize_sintetizzatore        (abs)        00000
__size_of_is_tx_mode                       (abs)        00000
__size_of_main                             (abs)        00000
__size_of_play                             (abs)        00000
__size_of_poll_puls1                       (abs)        00000
__size_of_poll_puls2                       (abs)        00000
__size_of_programmazione                   (abs)        00000
__size_of_read_meters                      (abs)        00000
__size_of_read_pressure                    (abs)        00000
__size_of_rilascio_puls1                   (abs)        00000
__size_of_rxtx_allarm                      (abs)        00000
__size_of_set_rx_mode                      (abs)        00000
[...]
Total ram usage:        0 bytes
 Hardware stack levels used:    1
 This function calls:
		Nothing
 This function is called by:
		_TMR2_DefaultInterruptHandler
 This function uses a non-reentrant model


 *************** function _TMR0_ISR *****************
 Defined at:
		line 122 in file "mcc_generated_files/tmr0.c"
 Parameters:    Size  Location     Type
		None
 Auto vars:     Size  Location     Type
		None
 Return value:  Size  Location     Type
                  1    wreg      void 
 Registers used:
		wreg, status,2, status,0, pclath, cstack
 Tracked objects:
		On entry : 
		On exit  : 
		Unchanged: 
 Data sizes:     COMMON   BANK0   BANK1   BANK2   BANK3   BANK4   BANK5   BANK6   BANK7   BANK8   BANK9  BANK10  BANK11  BANK12  BANK13  BANK14  BANK15  BANK16  BANK17  BANK18  BANK19  BANK20  BANK21  BANK22  BANK23  BANK24  BANK25
      Params:         0       0       0       0       0       0       0       0       0       0       0       0       0       0       0       0       0       0       0       0       0       0       0       0       0       0       0
      Locals:         0       0       0       0       0       0       0       0       0       0       0       0       0       0       0       0       0       0       0       0       0       0       0       0       0       0       0
      Temps:          0       0       0       0       0       0       0       0       0       0       0       0       0       0       0       0       0       0       0       0       0       0       0       0       0       0       0
      Totals:         0       0       0       0       0       0       0       0       0       0       0       0       0       0       0       0       0       0       0       0       0       0       0       0       0       0       0
Total ram usage:        0 bytes
 Hardware stack levels used:    1
 Hardware stack levels required when called:    3
 This function calls:
		_TMR0_CallBack
 This function is called by:
		_INTERRUPT_InterruptManager
 This function uses a non-reentrant model


 *************** function _TMR0_CallBack *****************
 Defined at:
		line 141 in file "mcc_generated_files/tmr0.c"
 Parameters:    Size  Location     Type
		None
 Auto vars:     Size  Location     Type
		None
 Return value:  Size  Location     Type
                  1    wreg      void 
 Registers used:
		wreg, status,2, status,0, pclath, cstack
 Tracked objects:
		On entry : 
		On exit  : 
		Unchanged: 
 Data sizes:     COMMON   BANK0   BANK1   BANK2   BANK3   BANK4   BANK5   BANK6   BANK7   BANK8   BANK9  BANK10  BANK11  BANK12  BANK13  BANK14  BANK15  BANK16  BANK17  BANK18  BANK19  BANK20  BANK21  BANK22  BANK23  BANK24  BANK25
      Params:         0       0       0       0       0       0       0       0       0       0       0       0       0       0       0       0       0       0       0       0       0       0       0       0       0       0       0
      Locals:         0       0       0       0       0       0       0       0       0       0       0       0       0       0       0       0       0       0       0       0       0       0       0       0       0       0       0
      Temps:          0       0       0       0       0       0       0       0       0       0       0       0       0       0       0       0       0       0       0       0       0       0       0       0       0       0       0
      Totals:         0       0       0       0       0       0       0       0       0       0       0       0       0       0       0       0       0       0       0       0       0       0       0       0       0       0       0
Total ram usage:        0 bytes
 Hardware stack levels used:    1
 Hardware stack levels required when called:    2
 This function calls:
		Absolute function
		_TMR0_DefaultInterruptHandler
 This function is called by:
		_TMR0_ISR
 This function uses a non-reentrant model


 *************** function _TMR0_DefaultInterruptHandler *****************
 Defined at:
		line 155 in file "mcc_generated_files/tmr0.c"
 Parameters:    Size  Location     Type
		None
 Auto vars:     Size  Location     Type
		None
 Return value:  Size  Location     Type
                  1    wreg      void 
 Registers used:
		status,2, status,0, pclath, cstack
 Tracked objects:
		On entry : 
		On exit  : 
		Unchanged: 
 Data sizes:     COMMON   BANK0   BANK1   BANK2   BANK3   BANK4   BANK5   BANK6   BANK7   BANK8   BANK9  BANK10  BANK11  BANK12  BANK13  BANK14  BANK15  BANK16  BANK17  BANK18  BANK19  BANK20  BANK21  BANK22  BANK23  BANK24  BANK25
      Params:         0       0       0       0       0       0       0       0       0       0       0       0       0       0       0       0       0       0       0       0       0       0       0       0       0       0       0
      Locals:         0       0       0       0       0       0       0       0       0       0       0       0       0       0       0       0       0       0       0       0       0       0       0       0       0       0       0
      Temps:          0       0       0       0       0       0       0       0       0       0       0       0       0       0       0       0       0       0       0       0       0       0       0       0       0       0       0
      Totals:         0       0       0       0       0       0       0       0       0       0       0       0       0       0       0       0       0       0       0       0       0       0       0       0       0       0       0
Total ram usage:        0 bytes
 Hardware stack levels used:    1
 Hardware stack levels required when called:    1
 This function calls:
		_tmr0_overflow
 This function is called by:
		_TMR0_Initialize
		_TMR0_CallBack
 This function uses a non-reentrant model


 *************** function _tmr0_overflow *****************
 Defined at:
		line 15 in file "puls2_routine.c"
 Parameters:    Size  Location     Type
		None
 Auto vars:     Size  Location     Type
		None
 Return value:  Size  Location     Type
                  1    wreg      void 
 Registers used:
		None
 Tracked objects:
		On entry : 
		On exit  : 
		Unchanged: 
 Data sizes:     COMMON   BANK0   BANK1   BANK2   BANK3   BANK4   BANK5   BANK6   BANK7   BANK8   BANK9  BANK10  BANK11  BANK12  BANK13  BANK14  BANK15  BANK16  BANK17  BANK18  BANK19  BANK20  BANK21  BANK22  BANK23  BANK24  BANK25
      Params:         0       0       0       0       0       0       0       0       0       0       0       0       0       0       0       0       0       0       0       0       0       0       0       0       0       0       0
      Locals:         0       0       0       0       0       0       0       0       0       0       0       0       0       0       0       0       0       0       0       0       0       0       0       0       0       0       0
      Temps:          0       0       0       0       0       0       0       0       0       0       0       0       0       0       0       0       0       0       0       0       0       0       0       0       0       0       0
      Totals:         0       0       0       0       0       0       0       0       0       0       0       0       0       0       0       0       0       0       0       0       0       0       0       0       0       0       0
Total ram usage:        0 bytes
 Hardware stack levels used:    1
 This function calls:
		Nothing
 This function is called by:
		_TMR0_DefaultInterruptHandler
 This function uses a non-reentrant model


 *************** function _I2C2_ISR *****************
 Defined at:
		line 235 in file "mcc_generated_files/i2c2.c"
 Parameters:    Size  Location     Type
		None
 Auto vars:     Size  Location     Type
		None
 Return value:  Size  Location     Type
                  1    wreg      void 
 Registers used:
		wreg, fsr0l, fsr0h, fsr1l, fsr1h, status,2, status,0, pclath, cstack
 Tracked objects:
		On entry : 
		On exit  : 
		Unchanged: 
 Data sizes:     COMMON   BANK0   BANK1   BANK2   BANK3   BANK4   BANK5   BANK6   BANK7   BANK8   BANK9  BANK10  BANK11  BANK12  BANK13  BANK14  BANK15  BANK16  BANK17  BANK18  BANK19  BANK20  BANK21  BANK22  BANK23  BANK24  BANK25
      Params:         0       0       0       0       0       0       0       0       0       0       0       0       0       0       0       0       0       0       0       0       0       0       0       0       0       0       0
      Locals:         0       0       0       0       0       0       0       0       0       0       0       0       0       0       0       0       0       0       0       0       0       0       0       0       0       0       0
      Temps:          4       0       0       0       0       0       0       0       0       0       0       0       0       0       0       0       0       0       0       0       0       0       0       0       0       0       0
      Totals:         4       0       0       0       0       0       0       0       0       0       0       0       0       0       0       0       0       0       0       0       0       0       0       0       0       0       0
Total ram usage:        4 bytes
 Hardware stack levels used:    1
 Hardware stack levels required when called:    1
 This function calls:
		_I2C2_FunctionComplete
		_I2C2_Stop
 This function is called by:
		_INTERRUPT_InterruptManager
 This function uses a non-reentrant model


 *************** function _I2C2_Stop *****************
 Defined at:
		line 583 in file "mcc_generated_files/i2c2.c"
 Parameters:    Size  Location     Type
  completion_c    1    wreg     enum E8805
 Auto vars:     Size  Location     Type
  completion_c    1    1[COMMON] enum E8805
 Return value:  Size  Location     Type
                  1    wreg      void 
 Registers used:
		wreg, fsr1l, fsr1h, status,2, status,0
 Tracked objects:
		On entry : 
		On exit  : 
		Unchanged: 
 Data sizes:     COMMON   BANK0   BANK1   BANK2   BANK3   BANK4   BANK5   BANK6   BANK7   BANK8   BANK9  BANK10  BANK11  BANK12  BANK13  BANK14  BANK15  BANK16  BANK17  BANK18  BANK19  BANK20  BANK21  BANK22  BANK23  BANK24  BANK25
      Params:         0       0       0       0       0       0       0       0       0       0       0       0       0       0       0       0       0       0       0       0       0       0       0       0       0       0       0
      Locals:         1       0       0       0       0       0       0       0       0       0       0       0       0       0       0       0       0       0       0       0       0       0       0       0       0       0       0
      Temps:          1       0       0       0       0       0       0       0       0       0       0       0       0       0       0       0       0       0       0       0       0       0       0       0       0       0       0
      Totals:         2       0       0       0       0       0       0       0       0       0       0       0       0       0       0       0       0       0       0       0       0       0       0       0       0       0       0
Total ram usage:        2 bytes
 Hardware stack levels used:    1
 This function calls:
		Nothing
 This function is called by:
		_I2C2_ISR
 This function uses a non-reentrant model


 *************** function _I2C2_FunctionComplete *****************
 Defined at:
		line 565 in file "mcc_generated_files/i2c2.c"
 Parameters:    Size  Location     Type
		None
 Auto vars:     Size  Location     Type
		None
 Return value:  Size  Location     Type
                  1    wreg      void 
 Registers used:
		wreg, status,2, status,0
 Tracked objects:
		On entry : 
		On exit  : 
		Unchanged: 
 Data sizes:     COMMON   BANK0   BANK1   BANK2   BANK3   BANK4   BANK5   BANK6   BANK7   BANK8   BANK9  BANK10  BANK11  BANK12  BANK13  BANK14  BANK15  BANK16  BANK17  BANK18  BANK19  BANK20  BANK21  BANK22  BANK23  BANK24  BANK25
      Params:         0       0       0       0       0       0       0       0       0       0       0       0       0       0       0       0       0       0       0       0       0       0       0       0       0       0       0
      Locals:         0       0       0       0       0       0       0       0       0       0       0       0       0       0       0       0       0       0       0       0       0       0       0       0       0       0       0
      Temps:          1       0       0       0       0       0       0       0       0       0       0       0       0       0       0       0       0       0       0       0       0       0       0       0       0       0       0
      Totals:         1       0       0       0       0       0       0       0       0       0       0       0       0       0       0       0       0       0       0       0       0       0       0       0       0       0       0
Total ram usage:        1 bytes
 Hardware stack levels used:    1
 This function calls:
		Nothing
 This function is called by:
		_I2C2_ISR
 This function uses a non-reentrant model


 *************** function _I2C2_BusCollisionISR *****************
 Defined at:
		line 742 in file "mcc_generated_files/i2c2.c"
 Parameters:    Size  Location     Type
		None
 Auto vars:     Size  Location     Type
		None
 Return value:  Size  Location     Type
                  1    wreg      void 
 Registers used:
		None
 Tracked objects:
		On entry : 
		On exit  : 
		Unchanged: 
 Data sizes:     COMMON   BANK0   BANK1   BANK2   BANK3   BANK4   BANK5   BANK6   BANK7   BANK8   BANK9  BANK10  BANK11  BANK12  BANK13  BANK14  BANK15  BANK16  BANK17  BANK18  BANK19  BANK20  BANK21  BANK22  BANK23  BANK24  BANK25
      Params:         0       0       0       0       0       0       0       0       0       0       0       0       0       0       0       0       0       0       0       0       0       0       0       0       0       0       0
      Locals:         0       0       0       0       0       0       0       0       0       0       0       0       0       0       0       0       0       0       0       0       0       0       0       0       0       0       0
      Temps:          0       0       0       0       0       0       0       0       0       0       0       0       0       0       0       0       0       0       0       0       0       0       0       0       0       0       0
      Totals:         0       0       0       0       0       0       0       0       0       0       0       0       0       0       0       0       0       0       0       0       0       0       0       0       0       0       0
Total ram usage:        0 bytes
 Hardware stack levels used:    1
 This function calls:
		Nothing
 This function is called by:
		_INTERRUPT_InterruptManager
 This function uses a non-reentrant model



MODULE INFORMATION

Module		Function		Class		Link	Load	Size
C:\Program Files (x86)\Microchip\xc8\v1.45\sources\common\float.c
		___ftpack      		CODE           	0500	0000	102

C:\Program Files (x86)\Microchip\xc8\v1.45\sources\common\float.c estimated size: 102

rxtx_mode.c
		_is_tx_mode    		CODE           	0E78	0000	9
		_set_tx_mode   		CODE           	0E4C	0000	5
		_set_rx_mode   		CODE           	0E50	0000	5

rxtx_mode.c estimated size: 19

check_battery.c
		_check_battery 		CODE           	0751	0000	38

check_battery.c estimated size: 38

mcc_generated_files/tmr2.c
		_TMR2_ISR      		CODE           	0F0C	0000	21
		_TMR2_Initialize		CODE           	0F34	0000	23
		_TMR2_Stop     		CODE           	0E33	0000	4
		_TMR2_Start    		CODE           	0E2D	0000	4
		_TMR2_SetInterruptHandler		CODE           	07F6	0000	10
		_TMR2_Counter8BitSet		CODE           	0E5E	0000	7
		_TMR2_StopTimer		CODE           	0E36	0000	4
		_TMR2_DefaultInterruptHandler		CODE           	0E24	0000	4
		_TMR2_CallBack 		CODE           	0E9D	0000	12
		_TMR2_WriteTimer		CODE           	0E64	0000	7
		_TMR2_StartTimer		CODE           	0E30	0000	4

mcc_generated_files/tmr2.c estimated size: 100

mcc_generated_files/interrupt_manager.c
		_INTERRUPT_InterruptManager		CODE           	0004	0000	40

mcc_generated_files/interrupt_manager.c estimated size: 40

C:\Program Files (x86)\Microchip\xc8\v1.45\sources\common\Umul16.c
		___wmul        		CODE           	0FC8	0000	29

C:\Program Files (x86)\Microchip\xc8\v1.45\sources\common\Umul16.c estimated size: 29

mcc_generated_files/tmr0.c
		_TMR0_SetInterruptHandler		CODE           	0E89	0000	10
		_TMR0_StopTimer		CODE           	0E2A	0000	4
		_TMR0_DefaultInterruptHandler		CODE           	0E21	0000	4
		_TMR0_CallBack 		CODE           	0E92	0000	12
		_TMR0_WriteTimer		CODE           	0E58	0000	7
		_TMR0_StartTimer		CODE           	0E27	0000	4
		_TMR0_ISR      		CODE           	0EF8	0000	21
		_TMR0_Initialize		CODE           	0F20	0000	21

mcc_generated_files/tmr0.c estimated size: 83

C:\Program Files (x86)\Microchip\xc8\v1.45\sources\common\ftge.c
		___ftge        		CODE           	062E	0000	61

C:\Program Files (x86)\Microchip\xc8\v1.45\sources\common\ftge.c estimated size: 61

mcc_generated_files/pin_manager.c
		_PIN_MANAGER_Initialize		CODE           	0700	0000	42

mcc_generated_files/pin_manager.c estimated size: 42

sintetizzatore.c
		_wait_message  		CODE           	0E48	0000	5
		_I2Cdata       		CODE           	0776	0000	38
		_SoundChip_Active		CODE           	0F79	0000	27
		_check_sintetizzatore_ready		CODE           	0E44	0000	5
		_SoundChip_Play		CODE           	0F93	0000	27

sintetizzatore.c estimated size: 102

test_battery_barometer.c
		_test_battery_barometro		CODE           	066A	0000	60

test_battery_barometer.c estimated size: 60

C:\Program Files (x86)\Microchip\xc8\v1.45\sources\common\ftdiv.c
		___ftdiv       		CODE           	02A8	0000	170

C:\Program Files (x86)\Microchip\xc8\v1.45\sources\common\ftdiv.c estimated size: 170

puls1_routine.c
		_gestione_puls1		CODE           	07BB	0000	31
		_rilascio_puls1		CODE           	0EE6	0000	19
		_poll_puls1    		CODE           	0F61	0000	25

puls1_routine.c estimated size: 75

check_barometro.c
		_play          		CODE           	0EA8	0000	12
		_check_barometro		CODE           	017D	0000	300

check_barometro.c estimated size: 312

shared
		__initialization		CODE           	002D	0000	23

shared estimated size: 23

barometro.c
		_check_work    		CODE           	0E39	0000	4
		_read_meters   		CODE           	0565	0000	72
		_read_pressure 		CODE           	0351	0000	160

barometro.c estimated size: 236

mcc_generated_files/mcc.c
		_PMD_Initialize		CODE           	0E70	0000	9
		_OSCILLATOR_Initialize		CODE           	0E80	0000	10
		_SYSTEM_Initialize		CODE           	0ED4	0000	19

mcc_generated_files/mcc.c estimated size: 38

startup_sintetizzatore.c
		_initialize_sintetizzatore		CODE           	07D9	0000	30

startup_sintetizzatore.c estimated size: 30

mcc_generated_files/i2c2.c
		_I2C2_BusCollisionISR		CODE           	0E1E	0000	4
		_I2C2_FunctionComplete		CODE           	0EB3	0000	17
		_I2C2_MasterWriteTRBBuild		CODE           	079B	0000	33
		_I2C2_ISR      		CODE           	0047	0000	311
		_I2C2_Initialize		CODE           	0FAD	0000	28
		_I2C2_Stop     		CODE           	0F4A	0000	24
		_I2C2_MasterReadTRBBuild		CODE           	0729	0000	41
		_I2C2_WaitForLastPacketToComplete		CODE           	0E54	0000	5
		_I2C2_MasterTRBInsert		CODE           	05AC	0000	70

mcc_generated_files/i2c2.c estimated size: 533

puls2_routine.c
		_cambio_canale 		CODE           	0483	0000	126
		_rxtx_allarm   		CODE           	03F0	0000	148
		_tmr0_overflow 		CODE           	0E3C	0000	5
		_programmazione		CODE           	0EC3	0000	18
		_tmr2_overflow 		CODE           	0E40	0000	5
		_volume        		CODE           	06A5	0000	51
		_poll_puls2    		CODE           	06D7	0000	42

puls2_routine.c estimated size: 395

main.c
		_main          		CODE           	0FE4	0000	29

main.c estimated size: 29

C:\Program Files (x86)\Microchip\xc8\v1.45\sources\common\altoft.c
		___altoft      		CODE           	05F1	0000	62

C:\Program Files (x86)\Microchip\xc8\v1.45\sources\common\altoft.c estimated size: 62

